---
source: jswt-semantics/src/globals/mod.rs
expression: resolver

---
GlobalResolver {
    symbols: GlobalSymbolsResolver {
        symbols: SymbolTable {
            scopes: [],
            table: {
                Span {
                    file: "program",
                    module: "root",
                    start: 0,
                    end: 0,
                }: Scope {
                    symbols: {
                        "Array": Class(
                            ClassBinding {
                                name: "Array",
                                fields: [
                                    Field {
                                        name: "a",
                                        index: 0,
                                        size: 4,
                                    },
                                    Field {
                                        name: "b",
                                        index: 1,
                                        size: 4,
                                    },
                                ],
                            },
                        ),
                        "constructor": Function(
                            FunctionBinding {
                                params: [
                                    Primitive(
                                        I32,
                                    ),
                                    Primitive(
                                        F32,
                                    ),
                                ],
                                returns: Primitive(
                                    I32,
                                ),
                            },
                        ),
                        "doSomething": Function(
                            FunctionBinding {
                                params: [],
                                returns: Object(
                                    Reference(
                                        "Array",
                                    ),
                                ),
                            },
                        ),
                        "test": Function(
                            FunctionBinding {
                                params: [],
                                returns: Void,
                            },
                        ),
                    },
                },
            },
        },
        stack: [],
        errors: [],
    },
}
