---
source: jswt-parser/src/lib.rs
expression: actual

---
Ast {
    program: Program {
        source_elements: SourceElements {
            source_elements: [
                Statement(
                    Variable(
                        VariableStatement {
                            span: Span {
                                file: "test.1",
                                start: 0,
                                end: 22,
                            },
                            modifier: Let(
                                Span {
                                    file: "test.1",
                                    start: 0,
                                    end: 3,
                                },
                            ),
                            target: Identifier(
                                Identifier {
                                    span: Span {
                                        file: "test.1",
                                        start: 4,
                                        end: 5,
                                    },
                                    value: "x",
                                },
                            ),
                            expression: Literal(
                                String(
                                    StringLiteral {
                                        span: Span {
                                            file: "test.1",
                                            start: 8,
                                            end: 21,
                                        },
                                        value: "Hello World",
                                    },
                                ),
                            ),
                            type_annotation: None,
                        },
                    ),
                ),
            ],
        },
    },
}
