---
source: jswt-parser/src/lib.rs
expression: actual

---
Ast {
    program: Program {
        files: [
            File {
                source_elements: SourceElements {
                    source_elements: [
                        FunctionDeclaration(
                            FunctionDeclarationElement {
                                span: Span {
                                    file: "test.1",
                                    module: "module/test.1",
                                    start: 0,
                                    end: 34,
                                },
                                decorators: FunctionDecorators {
                                    annotations: [],
                                    export: true,
                                },
                                ident: Identifier {
                                    span: Span {
                                        file: "test.1",
                                        module: "module/test.1",
                                        start: 16,
                                        end: 20,
                                    },
                                    value: "main",
                                },
                                params: FormalParameterList {
                                    parameters: [],
                                },
                                returns: None,
                                body: FunctionBody {
                                    span: Span {
                                        file: "test.1",
                                        module: "module/test.1",
                                        start: 23,
                                        end: 34,
                                    },
                                    source_elements: SourceElements {
                                        source_elements: [
                                            Statement(
                                                Expression(
                                                    ExpressionStatement {
                                                        span: Span {
                                                            file: "test.1",
                                                            module: "module/test.1",
                                                            start: 25,
                                                            end: 32,
                                                        },
                                                        expression: Arguments(
                                                            ArgumentsExpression {
                                                                span: Span {
                                                                    file: "test.1",
                                                                    module: "module/test.1",
                                                                    start: 25,
                                                                    end: 31,
                                                                },
                                                                ident: Identifier(
                                                                    IdentifierExpression {
                                                                        span: Span {
                                                                            file: "test.1",
                                                                            module: "module/test.1",
                                                                            start: 25,
                                                                            end: 29,
                                                                        },
                                                                        ident: Identifier {
                                                                            span: Span {
                                                                                file: "test.1",
                                                                                module: "module/test.1",
                                                                                start: 25,
                                                                                end: 29,
                                                                            },
                                                                            value: "test",
                                                                        },
                                                                    },
                                                                ),
                                                                arguments: ArgumentsList {
                                                                    span: Span {
                                                                        file: "test.1",
                                                                        module: "module/test.1",
                                                                        start: 29,
                                                                        end: 31,
                                                                    },
                                                                    arguments: [],
                                                                },
                                                            },
                                                        ),
                                                    },
                                                ),
                                            ),
                                        ],
                                    },
                                },
                            },
                        ),
                    ],
                },
            },
        ],
    },
}
