---
source: jswt-parser/src/lib.rs
expression: actual

---
Ast {
    program: Program {
        files: [
            File {
                span: Span {
                    file: "test_parse_arguments_expression",
                    module: "module/test_parse_arguments_expression",
                    start: 0,
                    end: 9,
                },
                source_elements: SourceElements {
                    span: Span {
                        file: "test_parse_arguments_expression",
                        module: "module/test_parse_arguments_expression",
                        start: 0,
                        end: 9,
                    },
                    source_elements: [
                        Statement(
                            Expression(
                                ExpressionStatement {
                                    span: Span {
                                        file: "test_parse_arguments_expression",
                                        module: "module/test_parse_arguments_expression",
                                        start: 0,
                                        end: 9,
                                    },
                                    expression: Arguments(
                                        ArgumentsExpression {
                                            span: Span {
                                                file: "test_parse_arguments_expression",
                                                module: "module/test_parse_arguments_expression",
                                                start: 0,
                                                end: 8,
                                            },
                                            ident: Identifier(
                                                IdentifierExpression {
                                                    span: Span {
                                                        file: "test_parse_arguments_expression",
                                                        module: "module/test_parse_arguments_expression",
                                                        start: 0,
                                                        end: 5,
                                                    },
                                                    ident: Identifier {
                                                        span: Span {
                                                            file: "test_parse_arguments_expression",
                                                            module: "module/test_parse_arguments_expression",
                                                            start: 0,
                                                            end: 5,
                                                        },
                                                        value: "print",
                                                    },
                                                    ty: Unknown,
                                                },
                                            ),
                                            arguments: ArgumentsList {
                                                span: Span {
                                                    file: "test_parse_arguments_expression",
                                                    module: "module/test_parse_arguments_expression",
                                                    start: 5,
                                                    end: 8,
                                                },
                                                arguments: [
                                                    Literal(
                                                        Integer(
                                                            IntegerLiteral {
                                                                span: Span {
                                                                    file: "test_parse_arguments_expression",
                                                                    module: "module/test_parse_arguments_expression",
                                                                    start: 6,
                                                                    end: 7,
                                                                },
                                                                value: 6,
                                                                ty: Unknown,
                                                            },
                                                        ),
                                                    ),
                                                ],
                                            },
                                            ty: Unknown,
                                        },
                                    ),
                                },
                            ),
                        ),
                    ],
                },
            },
        ],
    },
}
