---
source: jswt-parser/src/lib.rs
expression: actual

---
Ast {
    program: Program {
        files: [
            File {
                source_elements: SourceElements {
                    source_elements: [
                        Statement(
                            Variable(
                                VariableStatement {
                                    span: Span {
                                        file: "test.1",
                                        module: "module/test.1",
                                        start: 0,
                                        end: 14,
                                    },
                                    modifier: Let(
                                        Span {
                                            file: "test.1",
                                            module: "module/test.1",
                                            start: 0,
                                            end: 3,
                                        },
                                    ),
                                    target: Identifier(
                                        Identifier {
                                            span: Span {
                                                file: "test.1",
                                                module: "module/test.1",
                                                start: 4,
                                                end: 5,
                                            },
                                            value: "x",
                                        },
                                    ),
                                    expression: Additive(
                                        BinaryExpression {
                                            span: Span {
                                                file: "test.1",
                                                module: "module/test.1",
                                                start: 8,
                                                end: 13,
                                            },
                                            left: Literal(
                                                Integer(
                                                    IntegerLiteral {
                                                        span: Span {
                                                            file: "test.1",
                                                            module: "module/test.1",
                                                            start: 8,
                                                            end: 9,
                                                        },
                                                        value: 1,
                                                    },
                                                ),
                                            ),
                                            op: Plus(
                                                Span {
                                                    file: "test.1",
                                                    module: "module/test.1",
                                                    start: 10,
                                                    end: 11,
                                                },
                                            ),
                                            right: Literal(
                                                Integer(
                                                    IntegerLiteral {
                                                        span: Span {
                                                            file: "test.1",
                                                            module: "module/test.1",
                                                            start: 12,
                                                            end: 13,
                                                        },
                                                        value: 2,
                                                    },
                                                ),
                                            ),
                                        },
                                    ),
                                    type_annotation: None,
                                },
                            ),
                        ),
                    ],
                },
            },
        ],
    },
}
