---
source: jswt-parser/src/lib.rs
expression: actual

---
Ast {
    program: Program {
        source_elements: SourceElements {
            source_elements: [
                Statement(
                    Block(
                        BlockStatement {
                            span: Span {
                                file: "test.1",
                                module: "module/test.1",
                                start: 0,
                                end: 2,
                            },
                            statements: StatementList {
                                statements: [],
                            },
                        },
                    ),
                ),
            ],
        },
    },
}
