---
source: jswt-parser/src/function.rs
expression: actual

---
Ast {
    program: Program {
        files: [
            File {
                source_elements: SourceElements {
                    source_elements: [
                        FunctionDeclaration(
                            FunctionDeclarationElement {
                                span: Span {
                                    file: "test_parse_function_declaration_statement_with_two_params_and_return_value",
                                    module: "module/test_parse_function_declaration_statement_with_two_params_and_return_value",
                                    start: 0,
                                    end: 38,
                                    [content]: "function test(a: i32, b: i32): i32 { }",
                                },
                                decorators: FunctionDecorators {
                                    annotations: [],
                                    export: false,
                                },
                                ident: Identifier {
                                    span: Span {
                                        file: "test_parse_function_declaration_statement_with_two_params_and_return_value",
                                        module: "module/test_parse_function_declaration_statement_with_two_params_and_return_value",
                                        start: 9,
                                        end: 13,
                                        [content]: "test",
                                    },
                                    value: "test",
                                },
                                params: FormalParameterList {
                                    parameters: [
                                        FormalParameterArg {
                                            ident: Identifier {
                                                span: Span {
                                                    file: "test_parse_function_declaration_statement_with_two_params_and_return_value",
                                                    module: "module/test_parse_function_declaration_statement_with_two_params_and_return_value",
                                                    start: 14,
                                                    end: 15,
                                                    [content]: "a",
                                                },
                                                value: "a",
                                            },
                                            type_annotation: TypeAnnotation {
                                                span: Span {
                                                    file: "test_parse_function_declaration_statement_with_two_params_and_return_value",
                                                    module: "module/test_parse_function_declaration_statement_with_two_params_and_return_value",
                                                    start: 17,
                                                    end: 20,
                                                    [content]: "i32",
                                                },
                                                ty: Primitive(
                                                    I32,
                                                ),
                                            },
                                        },
                                        FormalParameterArg {
                                            ident: Identifier {
                                                span: Span {
                                                    file: "test_parse_function_declaration_statement_with_two_params_and_return_value",
                                                    module: "module/test_parse_function_declaration_statement_with_two_params_and_return_value",
                                                    start: 22,
                                                    end: 23,
                                                    [content]: "b",
                                                },
                                                value: "b",
                                            },
                                            type_annotation: TypeAnnotation {
                                                span: Span {
                                                    file: "test_parse_function_declaration_statement_with_two_params_and_return_value",
                                                    module: "module/test_parse_function_declaration_statement_with_two_params_and_return_value",
                                                    start: 25,
                                                    end: 28,
                                                    [content]: "i32",
                                                },
                                                ty: Primitive(
                                                    I32,
                                                ),
                                            },
                                        },
                                    ],
                                },
                                returns: Some(
                                    TypeAnnotation {
                                        span: Span {
                                            file: "test_parse_function_declaration_statement_with_two_params_and_return_value",
                                            module: "module/test_parse_function_declaration_statement_with_two_params_and_return_value",
                                            start: 31,
                                            end: 34,
                                            [content]: "i32",
                                        },
                                        ty: Primitive(
                                            I32,
                                        ),
                                    },
                                ),
                                body: BlockStatement {
                                    span: Span {
                                        file: "test_parse_function_declaration_statement_with_two_params_and_return_value",
                                        module: "module/test_parse_function_declaration_statement_with_two_params_and_return_value",
                                        start: 35,
                                        end: 38,
                                        [content]: "{ }",
                                    },
                                    statements: StatementList {
                                        statements: [],
                                    },
                                },
                            },
                        ),
                    ],
                },
            },
        ],
    },
}
