---
source: jswt-parser/src/lib.rs
expression: actual

---
Ast {
    program: Program {
        files: [
            File {
                span: Span {
                    file: "test_parse_nested_empty_blocks",
                    module: "module/test_parse_nested_empty_blocks",
                    start: 0,
                    end: 6,
                    [content]: "{ {} }",
                },
                source_elements: SourceElements {
                    span: Span {
                        file: "test_parse_nested_empty_blocks",
                        module: "module/test_parse_nested_empty_blocks",
                        start: 0,
                        end: 6,
                        [content]: "{ {} }",
                    },
                    source_elements: [
                        Statement(
                            Block(
                                BlockStatement {
                                    span: Span {
                                        file: "test_parse_nested_empty_blocks",
                                        module: "module/test_parse_nested_empty_blocks",
                                        start: 0,
                                        end: 6,
                                        [content]: "{ {} }",
                                    },
                                    statements: StatementList {
                                        statements: [
                                            Block(
                                                BlockStatement {
                                                    span: Span {
                                                        file: "test_parse_nested_empty_blocks",
                                                        module: "module/test_parse_nested_empty_blocks",
                                                        start: 2,
                                                        end: 4,
                                                        [content]: "{}",
                                                    },
                                                    statements: StatementList {
                                                        statements: [],
                                                    },
                                                },
                                            ),
                                        ],
                                    },
                                },
                            ),
                        ),
                    ],
                },
            },
        ],
    },
}
