---
source: jswt-tokenizer/src/lib.rs
expression: actual

---
[
    Token {
        file: "test.1",
        module: "module/test.1",
        lexme: "if",
        offset: 0,
        kind: If,
    },
    Token {
        file: "test.1",
        module: "module/test.1",
        lexme: "(",
        offset: 2,
        kind: LeftParen,
    },
    Token {
        file: "test.1",
        module: "module/test.1",
        lexme: "x",
        offset: 3,
        kind: Identifier,
    },
    Token {
        file: "test.1",
        module: "module/test.1",
        lexme: "==",
        offset: 5,
        kind: EqualEqual,
    },
    Token {
        file: "test.1",
        module: "module/test.1",
        lexme: "y",
        offset: 8,
        kind: Identifier,
    },
    Token {
        file: "test.1",
        module: "module/test.1",
        lexme: ")",
        offset: 9,
        kind: RightParen,
    },
    Token {
        file: "test.1",
        module: "module/test.1",
        lexme: "{",
        offset: 11,
        kind: LeftBrace,
    },
    Token {
        file: "test.1",
        module: "module/test.1",
        lexme: "return",
        offset: 13,
        kind: Return,
    },
    Token {
        file: "test.1",
        module: "module/test.1",
        lexme: "0",
        offset: 20,
        kind: Integer,
    },
    Token {
        file: "test.1",
        module: "module/test.1",
        lexme: ";",
        offset: 21,
        kind: Semi,
    },
    Token {
        file: "test.1",
        module: "module/test.1",
        lexme: "}",
        offset: 23,
        kind: RightBrace,
    },
    Token {
        file: "test.1",
        module: "module/test.1",
        lexme: "else",
        offset: 25,
        kind: Else,
    },
    Token {
        file: "test.1",
        module: "module/test.1",
        lexme: "{",
        offset: 30,
        kind: LeftBrace,
    },
    Token {
        file: "test.1",
        module: "module/test.1",
        lexme: "return",
        offset: 32,
        kind: Return,
    },
    Token {
        file: "test.1",
        module: "module/test.1",
        lexme: "1",
        offset: 39,
        kind: Integer,
    },
    Token {
        file: "test.1",
        module: "module/test.1",
        lexme: ";",
        offset: 40,
        kind: Semi,
    },
    Token {
        file: "test.1",
        module: "module/test.1",
        lexme: "}",
        offset: 42,
        kind: RightBrace,
    },
    Token {
        file: "test.1",
        module: "module/test.1",
        lexme: "",
        offset: 43,
        kind: Eof,
    },
]
