---
source: jswt-tokenizer/src/lib.rs
expression: actual

---
[
    Token {
        kind: Identifier,
        span: Span {
            file: "test_tokenize_alphanumeric_identifiers",
            module: "module/test_tokenize_alphanumeric_identifiers",
            start: 0,
            end: 3,
            [content]: "i32",
        },
    },
    Token {
        kind: Eof,
        span: Span {
            file: "test_tokenize_alphanumeric_identifiers",
            module: "module/test_tokenize_alphanumeric_identifiers",
            start: 3,
            end: 3,
            [content]: "",
        },
    },
]
