---
source: jswt-tokenizer/src/lib.rs
expression: actual

---
[
    Token {
        kind: If,
        span: Span {
            file: "test_tokenize_if_else_if_statement",
            module: "module/test_tokenize_if_else_if_statement",
            start: 0,
            end: 2,
            [content]: "if",
        },
    },
    Token {
        kind: LeftParen,
        span: Span {
            file: "test_tokenize_if_else_if_statement",
            module: "module/test_tokenize_if_else_if_statement",
            start: 2,
            end: 3,
            [content]: "(",
        },
    },
    Token {
        kind: Identifier,
        span: Span {
            file: "test_tokenize_if_else_if_statement",
            module: "module/test_tokenize_if_else_if_statement",
            start: 3,
            end: 4,
            [content]: "x",
        },
    },
    Token {
        kind: EqualEqual,
        span: Span {
            file: "test_tokenize_if_else_if_statement",
            module: "module/test_tokenize_if_else_if_statement",
            start: 5,
            end: 7,
            [content]: "==",
        },
    },
    Token {
        kind: Identifier,
        span: Span {
            file: "test_tokenize_if_else_if_statement",
            module: "module/test_tokenize_if_else_if_statement",
            start: 8,
            end: 9,
            [content]: "y",
        },
    },
    Token {
        kind: RightParen,
        span: Span {
            file: "test_tokenize_if_else_if_statement",
            module: "module/test_tokenize_if_else_if_statement",
            start: 9,
            end: 10,
            [content]: ")",
        },
    },
    Token {
        kind: LeftBrace,
        span: Span {
            file: "test_tokenize_if_else_if_statement",
            module: "module/test_tokenize_if_else_if_statement",
            start: 11,
            end: 12,
            [content]: "{",
        },
    },
    Token {
        kind: Return,
        span: Span {
            file: "test_tokenize_if_else_if_statement",
            module: "module/test_tokenize_if_else_if_statement",
            start: 13,
            end: 19,
            [content]: "return",
        },
    },
    Token {
        kind: Integer,
        span: Span {
            file: "test_tokenize_if_else_if_statement",
            module: "module/test_tokenize_if_else_if_statement",
            start: 20,
            end: 21,
            [content]: "0",
        },
    },
    Token {
        kind: Semi,
        span: Span {
            file: "test_tokenize_if_else_if_statement",
            module: "module/test_tokenize_if_else_if_statement",
            start: 21,
            end: 22,
            [content]: ";",
        },
    },
    Token {
        kind: RightBrace,
        span: Span {
            file: "test_tokenize_if_else_if_statement",
            module: "module/test_tokenize_if_else_if_statement",
            start: 23,
            end: 24,
            [content]: "}",
        },
    },
    Token {
        kind: Else,
        span: Span {
            file: "test_tokenize_if_else_if_statement",
            module: "module/test_tokenize_if_else_if_statement",
            start: 25,
            end: 29,
            [content]: "else",
        },
    },
    Token {
        kind: LeftBrace,
        span: Span {
            file: "test_tokenize_if_else_if_statement",
            module: "module/test_tokenize_if_else_if_statement",
            start: 30,
            end: 31,
            [content]: "{",
        },
    },
    Token {
        kind: Return,
        span: Span {
            file: "test_tokenize_if_else_if_statement",
            module: "module/test_tokenize_if_else_if_statement",
            start: 32,
            end: 38,
            [content]: "return",
        },
    },
    Token {
        kind: Integer,
        span: Span {
            file: "test_tokenize_if_else_if_statement",
            module: "module/test_tokenize_if_else_if_statement",
            start: 39,
            end: 40,
            [content]: "1",
        },
    },
    Token {
        kind: Semi,
        span: Span {
            file: "test_tokenize_if_else_if_statement",
            module: "module/test_tokenize_if_else_if_statement",
            start: 40,
            end: 41,
            [content]: ";",
        },
    },
    Token {
        kind: RightBrace,
        span: Span {
            file: "test_tokenize_if_else_if_statement",
            module: "module/test_tokenize_if_else_if_statement",
            start: 42,
            end: 43,
            [content]: "}",
        },
    },
    Token {
        kind: Eof,
        span: Span {
            file: "test_tokenize_if_else_if_statement",
            module: "module/test_tokenize_if_else_if_statement",
            start: 43,
            end: 43,
            [content]: "",
        },
    },
]
