---
source: jswt-tokenizer/src/lib.rs
expression: actual

---
[
    Token {
        file: "test.1",
        lexme: "0xABCD01234",
        offset: 0,
        kind: HexNumber,
    },
]
