---
source: jswt-tokenizer/src/lib.rs
expression: actual

---
[
    Token {
        kind: GreaterEqual,
        span: Span {
            file: "test_tokenize_greater_than_equal",
            module: "module/test_tokenize_greater_than_equal",
            start: 0,
            end: 2,
            [content]: ">=",
        },
    },
    Token {
        kind: Eof,
        span: Span {
            file: "test_tokenize_greater_than_equal",
            module: "module/test_tokenize_greater_than_equal",
            start: 2,
            end: 2,
            [content]: "",
        },
    },
]
