---
source: jswt-tokenizer/src/lib.rs
expression: actual

---
[
    Token {
        kind: Eof,
        span: Span {
            file: "test_whitespace_generates_no_tokens",
            module: "module/test_whitespace_generates_no_tokens",
            start: 2,
            end: 2,
            [content]: "",
        },
    },
]
